
> survivors-game-project@1.0.0 dev
> vite


  VITE v6.4.1  ready in 83 ms

  ➜  Local:   http://localhost:3000/
  ➜  Network: use --host to expose
오후 7:15:05 [vite] (client) page reload src/scenes/UIScene.ts
오후 7:16:10 [vite] (client) page reload src/scenes/MainScene.ts
오후 7:16:10 [vite] (client) Pre-transform error: Transform failed with 1 error:
/Users/hangup2/apps/survivors-game-project/src/scenes/MainScene.ts:363:1: ERROR: Expected identifier but found end of file
  Plugin: vite:esbuild
  File: /Users/hangup2/apps/survivors-game-project/src/scenes/MainScene.ts:363:1
  
  Expected identifier but found end of file
  361|          }
  362|      }
  363|  }
     |   ^
  
오후 7:16:10 [vite] Internal server error: Transform failed with 1 error:
/Users/hangup2/apps/survivors-game-project/src/scenes/MainScene.ts:363:1: ERROR: Expected identifier but found end of file
  Plugin: vite:esbuild
  File: /Users/hangup2/apps/survivors-game-project/src/scenes/MainScene.ts:363:1
  
  Expected identifier but found end of file
  361|          }
  362|      }
  363|  }
     |   ^
  
      at failureErrorWithLog (/Users/hangup2/apps/survivors-game-project/node_modules/esbuild/lib/main.js:1467:15)
      at /Users/hangup2/apps/survivors-game-project/node_modules/esbuild/lib/main.js:736:50
      at responseCallbacks.<computed> (/Users/hangup2/apps/survivors-game-project/node_modules/esbuild/lib/main.js:603:9)
      at handleIncomingPacket (/Users/hangup2/apps/survivors-game-project/node_modules/esbuild/lib/main.js:658:12)
      at Socket.readFromStdout (/Users/hangup2/apps/survivors-game-project/node_modules/esbuild/lib/main.js:581:7)
      at Socket.emit (node:events:508:28)
      at addChunk (node:internal/streams/readable:559:12)
      at readableAddChunkPushByteMode (node:internal/streams/readable:510:3)
      at Readable.push (node:internal/streams/readable:390:5)
      at Pipe.onStreamRead (node:internal/stream_base_commons:189:23)
오후 7:16:10 [vite] Internal server error: Transform failed with 1 error:
/Users/hangup2/apps/survivors-game-project/src/scenes/MainScene.ts:363:1: ERROR: Expected identifier but found end of file
  Plugin: vite:esbuild
  File: /Users/hangup2/apps/survivors-game-project/src/scenes/MainScene.ts:363:1
  
  Expected identifier but found end of file
  361|          }
  362|      }
  363|  }
     |   ^
  
      at failureErrorWithLog (/Users/hangup2/apps/survivors-game-project/node_modules/esbuild/lib/main.js:1467:15)
      at /Users/hangup2/apps/survivors-game-project/node_modules/esbuild/lib/main.js:736:50
      at responseCallbacks.<computed> (/Users/hangup2/apps/survivors-game-project/node_modules/esbuild/lib/main.js:603:9)
      at handleIncomingPacket (/Users/hangup2/apps/survivors-game-project/node_modules/esbuild/lib/main.js:658:12)
      at Socket.readFromStdout (/Users/hangup2/apps/survivors-game-project/node_modules/esbuild/lib/main.js:581:7)
      at Socket.emit (node:events:508:28)
      at addChunk (node:internal/streams/readable:559:12)
      at readableAddChunkPushByteMode (node:internal/streams/readable:510:3)
      at Readable.push (node:internal/streams/readable:390:5)
      at Pipe.onStreamRead (node:internal/stream_base_commons:189:23)
오후 7:16:49 [vite] (client) page reload src/scenes/MainScene.ts
오후 7:18:42 [vite] (client) page reload src/scenes/MainScene.ts
오후 9:01:52 [vite] (client) page reload src/systems/RenderSystem.ts
오후 9:02:40 [vite] (client) page reload src/scenes/MainScene.ts
오후 9:03:22 [vite] (client) page reload src/scenes/MainScene.ts
오후 9:46:20 [vite] (client) page reload src/scenes/UIScene.ts
오후 9:47:35 [vite] (client) page reload src/systems/SpellSystem.ts
오후 9:53:03 [vite] (client) page reload src/systems/RenderSystem.ts
오후 9:53:19 [vite] (client) page reload src/scenes/MainScene.ts
오후 9:56:17 [vite] (client) page reload src/scenes/UIScene.ts
오후 9:57:37 [vite] (client) page reload src/systems/WaveSystem.ts
오후 10:06:05 [vite] (client) page reload src/scenes/UIScene.ts
오후 10:06:42 [vite] (client) page reload src/systems/WaveSystem.ts
오후 10:06:42 [vite] (client) Pre-transform error: Transform failed with 1 error:
/Users/hangup2/apps/survivors-game-project/src/systems/WaveSystem.ts:122:14: ERROR: Expected ";" but found "."
  Plugin: vite:esbuild
  File: /Users/hangup2/apps/survivors-game-project/src/systems/WaveSystem.ts:122:14
  
  Expected ";" but found "."
  120|          Health.max[eid] = hp;
  121|      }
  122|          Health.max[eid] = hp;
     |                ^
  123|          SpriteInfo.textureIndex[eid] = typeId;
  124|          Animation.frameRate[eid] = 8;
  
오후 10:06:42 [vite] Internal server error: Transform failed with 1 error:
/Users/hangup2/apps/survivors-game-project/src/systems/WaveSystem.ts:122:14: ERROR: Expected ";" but found "."
  Plugin: vite:esbuild
  File: /Users/hangup2/apps/survivors-game-project/src/systems/WaveSystem.ts:122:14
  
  Expected ";" but found "."
  120|          Health.max[eid] = hp;
  121|      }
  122|          Health.max[eid] = hp;
     |                ^
  123|          SpriteInfo.textureIndex[eid] = typeId;
  124|          Animation.frameRate[eid] = 8;
  
      at failureErrorWithLog (/Users/hangup2/apps/survivors-game-project/node_modules/esbuild/lib/main.js:1467:15)
      at /Users/hangup2/apps/survivors-game-project/node_modules/esbuild/lib/main.js:736:50
      at responseCallbacks.<computed> (/Users/hangup2/apps/survivors-game-project/node_modules/esbuild/lib/main.js:603:9)
      at handleIncomingPacket (/Users/hangup2/apps/survivors-game-project/node_modules/esbuild/lib/main.js:658:12)
      at Socket.readFromStdout (/Users/hangup2/apps/survivors-game-project/node_modules/esbuild/lib/main.js:581:7)
      at Socket.emit (node:events:508:28)
      at addChunk (node:internal/streams/readable:559:12)
      at readableAddChunkPushByteMode (node:internal/streams/readable:510:3)
      at Readable.push (node:internal/streams/readable:390:5)
      at Pipe.onStreamRead (node:internal/stream_base_commons:189:23)
오후 10:06:54 [vite] (client) page reload src/systems/SpellSystem.ts
오후 10:06:54 [vite] (client) Pre-transform error: Transform failed with 1 error:
/Users/hangup2/apps/survivors-game-project/src/systems/WaveSystem.ts:122:14: ERROR: Expected ";" but found "."
  Plugin: vite:esbuild
  File: /Users/hangup2/apps/survivors-game-project/src/systems/WaveSystem.ts:122:14
  
  Expected ";" but found "."
  120|          Health.max[eid] = hp;
  121|      }
  122|          Health.max[eid] = hp;
     |                ^
  123|          SpriteInfo.textureIndex[eid] = typeId;
  124|          Animation.frameRate[eid] = 8;
  
오후 10:06:54 [vite] Internal server error: Transform failed with 1 error:
/Users/hangup2/apps/survivors-game-project/src/systems/WaveSystem.ts:122:14: ERROR: Expected ";" but found "."
  Plugin: vite:esbuild
  File: /Users/hangup2/apps/survivors-game-project/src/systems/WaveSystem.ts:122:14
  
  Expected ";" but found "."
  120|          Health.max[eid] = hp;
  121|      }
  122|          Health.max[eid] = hp;
     |                ^
  123|          SpriteInfo.textureIndex[eid] = typeId;
  124|          Animation.frameRate[eid] = 8;
  
      at failureErrorWithLog (/Users/hangup2/apps/survivors-game-project/node_modules/esbuild/lib/main.js:1467:15)
      at /Users/hangup2/apps/survivors-game-project/node_modules/esbuild/lib/main.js:736:50
      at responseCallbacks.<computed> (/Users/hangup2/apps/survivors-game-project/node_modules/esbuild/lib/main.js:603:9)
      at handleIncomingPacket (/Users/hangup2/apps/survivors-game-project/node_modules/esbuild/lib/main.js:658:12)
      at Socket.readFromStdout (/Users/hangup2/apps/survivors-game-project/node_modules/esbuild/lib/main.js:581:7)
      at Socket.emit (node:events:508:28)
      at addChunk (node:internal/streams/readable:559:12)
      at readableAddChunkPushByteMode (node:internal/streams/readable:510:3)
      at Readable.push (node:internal/streams/readable:390:5)
      at Pipe.onStreamRead (node:internal/stream_base_commons:189:23)
오후 10:08:14 [vite] (client) page reload src/scenes/MainScene.ts
오후 10:08:14 [vite] (client) Pre-transform error: Transform failed with 1 error:
/Users/hangup2/apps/survivors-game-project/src/systems/WaveSystem.ts:122:14: ERROR: Expected ";" but found "."
  Plugin: vite:esbuild
  File: /Users/hangup2/apps/survivors-game-project/src/systems/WaveSystem.ts:122:14
  
  Expected ";" but found "."
  120|          Health.max[eid] = hp;
  121|      }
  122|          Health.max[eid] = hp;
     |                ^
  123|          SpriteInfo.textureIndex[eid] = typeId;
  124|          Animation.frameRate[eid] = 8;
  
오후 10:08:14 [vite] Internal server error: Transform failed with 1 error:
/Users/hangup2/apps/survivors-game-project/src/systems/WaveSystem.ts:122:14: ERROR: Expected ";" but found "."
  Plugin: vite:esbuild
  File: /Users/hangup2/apps/survivors-game-project/src/systems/WaveSystem.ts:122:14
  
  Expected ";" but found "."
  120|          Health.max[eid] = hp;
  121|      }
  122|          Health.max[eid] = hp;
     |                ^
  123|          SpriteInfo.textureIndex[eid] = typeId;
  124|          Animation.frameRate[eid] = 8;
  
      at failureErrorWithLog (/Users/hangup2/apps/survivors-game-project/node_modules/esbuild/lib/main.js:1467:15)
      at /Users/hangup2/apps/survivors-game-project/node_modules/esbuild/lib/main.js:736:50
      at responseCallbacks.<computed> (/Users/hangup2/apps/survivors-game-project/node_modules/esbuild/lib/main.js:603:9)
      at handleIncomingPacket (/Users/hangup2/apps/survivors-game-project/node_modules/esbuild/lib/main.js:658:12)
      at Socket.readFromStdout (/Users/hangup2/apps/survivors-game-project/node_modules/esbuild/lib/main.js:581:7)
      at Socket.emit (node:events:508:28)
      at addChunk (node:internal/streams/readable:559:12)
      at readableAddChunkPushByteMode (node:internal/streams/readable:510:3)
      at Readable.push (node:internal/streams/readable:390:5)
      at Pipe.onStreamRead (node:internal/stream_base_commons:189:23)
오후 10:12:08 [vite] (client) page reload src/scenes/UIScene.ts
오후 10:12:08 [vite] Internal server error: Transform failed with 1 error:
/Users/hangup2/apps/survivors-game-project/src/systems/WaveSystem.ts:122:14: ERROR: Expected ";" but found "."
  Plugin: vite:esbuild
  File: /Users/hangup2/apps/survivors-game-project/src/systems/WaveSystem.ts:122:14
  
  Expected ";" but found "."
  120|          Health.max[eid] = hp;
  121|      }
  122|          Health.max[eid] = hp;
     |                ^
  123|          SpriteInfo.textureIndex[eid] = typeId;
  124|          Animation.frameRate[eid] = 8;
  
      at failureErrorWithLog (/Users/hangup2/apps/survivors-game-project/node_modules/esbuild/lib/main.js:1467:15)
      at /Users/hangup2/apps/survivors-game-project/node_modules/esbuild/lib/main.js:736:50
      at responseCallbacks.<computed> (/Users/hangup2/apps/survivors-game-project/node_modules/esbuild/lib/main.js:603:9)
      at handleIncomingPacket (/Users/hangup2/apps/survivors-game-project/node_modules/esbuild/lib/main.js:658:12)
      at Socket.readFromStdout (/Users/hangup2/apps/survivors-game-project/node_modules/esbuild/lib/main.js:581:7)
      at Socket.emit (node:events:508:28)
      at addChunk (node:internal/streams/readable:559:12)
      at readableAddChunkPushByteMode (node:internal/streams/readable:510:3)
      at Readable.push (node:internal/streams/readable:390:5)
      at Pipe.onStreamRead (node:internal/stream_base_commons:189:23)
오후 10:20:05 [vite] (client) page reload src/systems/WaveSystem.ts
오후 10:21:19 [vite] (client) page reload src/scenes/UIScene.ts
오후 10:38:27 [vite] (client) page reload src/systems/CombatSystem.ts
오후 10:38:47 [vite] (client) page reload src/scenes/MainScene.ts
오후 10:39:09 [vite] (client) page reload src/scenes/CharacterSelectScene.ts
오전 8:28:48 [vite] (client) page reload src/components/index.ts
오전 8:28:50 [vite] (client) page reload src/assets/AssetLoader.ts
오전 8:29:01 [vite] (client) page reload src/systems/WaveSystem.ts
오전 8:29:08 [vite] (client) page reload src/systems/CombatSystem.ts
오전 8:29:22 [vite] (client) page reload src/core/DungeonGenerator.ts
오전 8:29:24 [vite] (client) page reload src/scenes/MainScene.ts
오전 8:29:25 [vite] (client) page reload src/fx/JuicePipeline.ts
오전 8:29:36 [vite] (client) page reload src/scenes/MainScene.ts
오전 8:35:03 [vite] (client) page reload src/assets/AssetLoader.ts
오전 8:36:17 [vite] (client) page reload src/core/DungeonGenerator.ts
오전 8:36:19 [vite] (client) page reload src/systems/PhysicsSystem.ts
오전 8:36:28 [vite] (client) page reload src/systems/WaveSystem.ts
오전 8:37:05 [vite] (client) page reload src/scenes/MainScene.ts
오전 8:39:50 [vite] (client) page reload src/scenes/BootScene.ts
오전 8:40:18 [vite] (client) page reload src/systems/RenderSystem.ts
오전 8:43:31 [vite] (client) page reload src/components/index.ts
오전 8:43:42 [vite] (client) page reload src/assets/AssetLoader.ts
오전 8:44:33 [vite] (client) page reload src/systems/RenderSystem.ts
오전 8:44:54 [vite] (client) page reload src/systems/SpellSystem.ts
오전 8:45:17 [vite] (client) page reload src/systems/SpellSystem.ts
오전 8:45:27 [vite] (client) page reload src/systems/SpellSystem.ts
오전 8:45:27 [vite] (client) Pre-transform error: Transform failed with 1 error:
/Users/hangup2/apps/survivors-game-project/src/systems/SpellSystem.ts:100:12: ERROR: Expected ";" but found "spawnWizardAttack"
  Plugin: vite:esbuild
  File: /Users/hangup2/apps/survivors-game-project/src/systems/SpellSystem.ts:100:12
  
  Expected ";" but found "spawnWizardAttack"
  98 |  
  99 |      private spawnWizardAttack(x: number, y: number, dx: number, dy: number) {
  100|      private spawnWizardAttack(x: number, y: number, dx: number, dy: number) {
     |              ^
  101|          // Draw the weapon in hand for a short time
  102|          const staffEid = addEntity(world);
  
오전 8:45:27 [vite] Internal server error: Transform failed with 1 error:
/Users/hangup2/apps/survivors-game-project/src/systems/SpellSystem.ts:100:12: ERROR: Expected ";" but found "spawnWizardAttack"
  Plugin: vite:esbuild
  File: /Users/hangup2/apps/survivors-game-project/src/systems/SpellSystem.ts:100:12
  
  Expected ";" but found "spawnWizardAttack"
  98 |  
  99 |      private spawnWizardAttack(x: number, y: number, dx: number, dy: number) {
  100|      private spawnWizardAttack(x: number, y: number, dx: number, dy: number) {
     |              ^
  101|          // Draw the weapon in hand for a short time
  102|          const staffEid = addEntity(world);
  
      at failureErrorWithLog (/Users/hangup2/apps/survivors-game-project/node_modules/esbuild/lib/main.js:1467:15)
      at /Users/hangup2/apps/survivors-game-project/node_modules/esbuild/lib/main.js:736:50
      at responseCallbacks.<computed> (/Users/hangup2/apps/survivors-game-project/node_modules/esbuild/lib/main.js:603:9)
      at handleIncomingPacket (/Users/hangup2/apps/survivors-game-project/node_modules/esbuild/lib/main.js:658:12)
      at Socket.readFromStdout (/Users/hangup2/apps/survivors-game-project/node_modules/esbuild/lib/main.js:581:7)
      at Socket.emit (node:events:508:28)
      at addChunk (node:internal/streams/readable:559:12)
      at readableAddChunkPushByteMode (node:internal/streams/readable:510:3)
      at Readable.push (node:internal/streams/readable:390:5)
      at Pipe.onStreamRead (node:internal/stream_base_commons:189:23)
오전 8:45:36 [vite] (client) page reload src/systems/SpellSystem.ts
오전 8:46:37 [vite] (client) page reload src/systems/SpellSystem.ts
